(---------------------------------------------------------------------)
(                                                                     )
(    Allegro Netrev Import Logic                                      )
(                                                                     )
(    Drawing          : METO_STM_CRY_V0_30.brd                        )
(    Software Version : 17.2P019                                      )
(    Date/Time        : Wed Mar 30 11:29:30 2022                      )
(                                                                     )
(---------------------------------------------------------------------)


------ Directives ------------

Ripup etch:                  Yes
Ripup delete first segment:  No
Ripup retain bondwire:       No
Ripup symbols:               Always
Missing symbol has error:    No
DRC update:                  Yes
Schematic directory:         'D:\PROJELER\PCB_DONANIM\METO_STM_CRY_V0\allegro'
Design Directory:            '.'
Old design name:             'D:/PROJELER/PCB_DONANIM/METO_STM_CRY_V0/allegro/METO_STM_CRY_V0_30.brd'
New design name:             'METO_STM_CRY_V0_31.brd'

CmdLine: netrev.exe -y 1 -x -i D:\PROJELER\PCB_DONANIM\METO_STM_CRY_V0\allegro D:\PROJELER\PCB_DONANIM\METO_STM_CRY_V0\allegro\METO_STM_CRY_V0_30.brd D:\PROJELER\PCB_DONANIM\METO_STM_CRY_V0\allegro\METO_STM_CRY_V0_31.brd

------ Preparing to read pst files ------

Starting to read D:/PROJELER/PCB_DONANIM/METO_STM_CRY_V0/allegro/pstchip.dat 
   Finished reading D:/PROJELER/PCB_DONANIM/METO_STM_CRY_V0/allegro/pstchip.dat (00:00:00.03)
Starting to read D:/PROJELER/PCB_DONANIM/METO_STM_CRY_V0/allegro/pstxprt.dat 
   Finished reading D:/PROJELER/PCB_DONANIM/METO_STM_CRY_V0/allegro/pstxprt.dat (00:00:00.00)
Starting to read D:/PROJELER/PCB_DONANIM/METO_STM_CRY_V0/allegro/pstxnet.dat 
   Finished reading D:/PROJELER/PCB_DONANIM/METO_STM_CRY_V0/allegro/pstxnet.dat (00:00:00.00)

------ Oversights/Warnings/Errors ------


------ Library Paths ------
MODULEPATH =  . 
           C:/Cadence/Cadence/Cadence_SPB_17.2-2016/share/local/pcb/modules 

PSMPATH =  . 
           symbols 
           .. 
           ../symbols 
           C:/Cadence/Cadence/Cadence_SPB_17.2-2016/share/local/pcb/symbols 
           C:/Cadence/Cadence/Cadence_SPB_17.2-2016/share/pcb/pcb_lib/symbols 
           C:/Cadence/Cadence/Cadence_SPB_17.2-2016/share/pcb/allegrolib/symbols 

PADPATH =  . 
           symbols 
           .. 
           ../symbols 
           C:/Cadence/Cadence/Cadence_SPB_17.2-2016/share/local/pcb/padstacks 
           C:/Cadence/Cadence/Cadence_SPB_17.2-2016/share/pcb/pcb_lib/symbols 
           C:/Cadence/Cadence/Cadence_SPB_17.2-2016/share/pcb/allegrolib/symbols 


------ Summary Statistics ------


netrev run on Mar 30 11:29:30 2022
   DESIGN NAME : 'METO_STM_CRY_V0'
   PACKAGING ON Mar  2 2016 00:37:24

   COMPILE 'logic'
   CHECK_PIN_NAMES OFF
   CROSS_REFERENCE OFF
   FEEDBACK OFF
   INCREMENTAL OFF
   INTERFACE_TYPE PHYSICAL
   MAX_ERRORS 500
   MERGE_MINIMUM 5
   NET_NAME_CHARS '#%&()*+-./:=>?@[]^_`|'
   NET_NAME_LENGTH 24
   OVERSIGHTS ON
   REPLACE_CHECK OFF
   SINGLE_NODE_NETS ON
   SPLIT_MINIMUM 0
   SUPPRESS   20
   WARNINGS ON

 No error detected
 No oversight detected
 No warning detected

cpu time      0:00:39
elapsed time  0:00:00

